Apr 17 21:02:38 localhost sshd[14475]: Failed password for invalid user testuser from 116.109.131.73 port 50919 ssh2
Apr 17 21:02:38 localhost sshd[14476]: Received disconnect from 116.109.131.73: 3: com.jcraft.jsch.JSchException: Auth fail
Apr 17 21:02:41 localhost sshd[14539]: pam_unix(sshd:auth): authentication failure; logname= uid=0 euid=0 tty=ssh ruser= rhost=116.109.131.73  user=ftpuser
Apr 17 21:02:41 localhost sshd[14281]: Failed password for root from 59.45.79.22 port 54788 ssh2
Apr 17 21:02:43 localhost sshd[14539]: Failed password for ftpuser from 116.109.131.73 port 53575 ssh2
Apr 17 21:02:43 localhost sshd[14540]: Received disconnect from 116.109.131.73: 3: com.jcraft.jsch.JSchException: Auth fail
Apr 17 21:02:44 localhost sshd[14281]: Failed password for root from 59.45.79.22 port 54788 ssh2
Apr 17 21:02:44 localhost sshd[14282]: Disconnecting: Too many authentication failures for root
Apr 17 21:02:44 localhost sshd[14281]: PAM 5 more authentication failures; logname= uid=0 euid=0 tty=ssh ruser= rhost=59.45.79.22  user=root
Apr 17 21:02:44 localhost sshd[14281]: PAM service(sshd) ignoring max retries; 6 > 3
Apr 17 21:02:45 localhost sshd[14603]: Invalid user monitor from 116.109.131.73
Apr 17 21:02:45 localhost sshd[14604]: input_userauth_request: invalid user monitor
Apr 17 21:02:45 localhost sshd[14603]: pam_unix(sshd:auth): check pass; user unknown
Apr 17 21:02:45 localhost sshd[14603]: pam_unix(sshd:auth): authentication failure; logname= uid=0 euid=0 tty=ssh ruser= rhost=116.109.131.73 
Apr 17 21:02:47 localhost sshd[14603]: Failed password for invalid user monitor from 116.109.131.73 port 56225 ssh2
Apr 17 21:02:47 localhost sshd[14604]: Received disconnect from 116.109.131.73: 3: com.jcraft.jsch.JSchException: Auth fail
Apr 17 21:02:49 localhost sshd[14665]: Invalid user svn from 116.109.131.73
Apr 17 21:02:49 localhost sshd[14666]: input_userauth_request: invalid user svn
Apr 17 21:02:49 localhost sshd[14644]: pam_unix(sshd:auth): authentication failure; logname= uid=0 euid=0 tty=ssh ruser= rhost=59.45.79.22  user=root
Apr 17 21:02:50 localhost sshd[14665]: pam_unix(sshd:auth): check pass; user unknown
Apr 17 21:02:50 localhost sshd[14665]: pam_unix(sshd:auth): authentication failure; logname= uid=0 euid=0 tty=ssh ruser= rhost=116.109.131.73 
Apr 17 21:02:51 localhost sshd[14644]: Failed password for root from 59.45.79.22 port 14795 ssh2
Apr 17 21:02:51 localhost sshd[14665]: Failed password for invalid user svn from 116.109.131.73 port 59112 ssh2
Apr 17 21:02:51 localhost sshd[14666]: Received disconnect from 116.109.131.73: 3: com.jcraft.jsch.JSchException: Auth fail
Apr 17 21:02:53 localhost sshd[14724]: Invalid user library from 116.109.131.73
Apr 17 21:02:53 localhost sshd[14725]: input_userauth_request: invalid user library
Apr 17 21:02:54 localhost sshd[14724]: pam_unix(sshd:auth): check pass; user unknown
Apr 17 21:02:54 localhost sshd[14724]: pam_unix(sshd:auth): authentication failure; logname= uid=0 euid=0 tty=ssh ruser= rhost=116.109.131.73 
Apr 17 21:02:55 localhost sshd[14644]: Failed password for root from 59.45.79.22 port 14795 ssh2
Apr 17 21:02:56 localhost sshd[14724]: Failed password for invalid user library from 116.109.131.73 port 61707 ssh2
Apr 17 21:02:56 localhost sshd[14725]: Received disconnect from 116.109.131.73: 3: com.jcraft.jsch.JSchException: Auth fail
Apr 17 21:02:57 localhost sshd[14789]: Invalid user webmaster from 116.109.131.73
Apr 17 21:02:57 localhost sshd[14790]: input_userauth_request: invalid user webmaster
Apr 17 21:02:58 localhost sshd[14644]: Failed password for root from 59.45.79.22 port 14795 ssh2
Apr 17 21:02:58 localhost sshd[14789]: pam_unix(sshd:auth): check pass; user unknown
Apr 17 21:02:58 localhost sshd[14789]: pam_unix(sshd:auth): authentication failure; logname= uid=0 euid=0 tty=ssh ruser= rhost=116.109.131.73 
Apr 17 21:03:00 localhost sshd[14789]: Failed password for invalid user webmaster from 116.109.131.73 port 64469 ssh2
Apr 17 21:03:00 localhost sshd[14790]: Received disconnect from 116.109.131.73: 3: com.jcraft.jsch.JSchException: Auth fail
Apr 17 21:03:01 localhost sshd[14644]: Failed password for root from 59.45.79.22 port 14795 ssh2
Apr 17 21:03:02 localhost sshd[14847]: Invalid user sarah from 116.109.131.73
Apr 17 21:03:02 localhost sshd[14848]: input_userauth_request: invalid user sarah
Apr 17 21:03:03 localhost sshd[14847]: pam_unix(sshd:auth): check pass; user unknown
Apr 17 21:03:03 localhost sshd[14847]: pam_unix(sshd:auth): authentication failure; logname= uid=0 euid=0 tty=ssh ruser= rhost=116.109.131.73 
Apr 17 21:03:04 localhost sshd[14644]: Failed password for root from 59.45.79.22 port 14795 ssh2
Apr 17 21:03:05 localhost sshd[14847]: Failed password for invalid user sarah from 116.109.131.73 port 51016 ssh2
Apr 17 21:03:05 localhost sshd[14848]: Received disconnect from 116.109.131.73: 3: com.jcraft.jsch.JSchException: Auth fail
Apr 17 21:03:07 localhost sshd[14912]: Invalid user user1 from 116.109.131.73
Apr 17 21:03:07 localhost sshd[14913]: input_userauth_request: invalid user user1
Apr 17 21:03:07 localhost sshd[14912]: pam_unix(sshd:auth): check pass; user unknown
Apr 17 21:03:07 localhost sshd[14912]: pam_unix(sshd:auth): authentication failure; logname= uid=0 euid=0 tty=ssh ruser= rhost=116.109.131.73 
Apr 17 21:03:08 localhost sshd[14644]: Failed password for root from 59.45.79.22 port 14795 ssh2
Apr 17 21:03:08 localhost sshd[14647]: Disconnecting: Too many authentication failures for root
Apr 17 21:03:08 localhost sshd[14644]: PAM 5 more authentication failures; logname= uid=0 euid=0 tty=ssh ruser= rhost=59.45.79.22  user=root
Apr 17 21:03:08 localhost sshd[14644]: PAM service(sshd) ignoring max retries; 6 > 3
Apr 17 21:03:09 localhost sshd[14912]: Failed password for invalid user user1 from 116.109.131.73 port 53672 ssh2
Apr 17 21:03:09 localhost sshd[14913]: Received disconnect from 116.109.131.73: 3: com.jcraft.jsch.JSchException: Auth fail
Apr 17 21:03:11 localhost sshd[14973]: Invalid user vyatta from 116.109.131.73
Apr 17 21:03:11 localhost sshd[14974]: input_userauth_request: invalid user vyatta
Apr 17 21:03:12 localhost sshd[14973]: pam_unix(sshd:auth): check pass; user unknown
Apr 17 21:03:12 localhost sshd[14973]: pam_unix(sshd:auth): authentication failure; logname= uid=0 euid=0 tty=ssh ruser= rhost=116.109.131.73 
Apr 17 21:03:14 localhost sshd[14973]: Failed password for invalid user vyatta from 116.109.131.73 port 56323 ssh2
Apr 17 21:03:14 localhost sshd[14974]: Received disconnect from 116.109.131.73: 3: com.jcraft.jsch.JSchException: Auth fail
Apr 17 21:03:16 localhost sshd[15036]: Invalid user admin from 116.109.131.73
Apr 17 21:03:16 localhost sshd[15037]: input_userauth_request: invalid user admin
Apr 17 21:03:17 localhost sshd[15036]: pam_unix(sshd:auth): check pass; user unknown
Apr 17 21:03:17 localhost sshd[15036]: pam_unix(sshd:auth): authentication failure; logname= uid=0 euid=0 tty=ssh ruser= rhost=116.109.131.73 
Apr 17 21:03:18 localhost sshd[14969]: pam_unix(sshd:auth): authentication failure; logname= uid=0 euid=0 tty=ssh ruser= rhost=59.45.79.22  user=root
Apr 17 21:03:19 localhost sshd[15036]: Failed password for invalid user admin from 116.109.131.73 port 59292 ssh2
Apr 17 21:03:19 localhost sshd[15037]: Received disconnect from 116.109.131.73: 3: com.jcraft.jsch.JSchException: Auth fail
Apr 17 21:03:20 localhost sshd[15095]: Invalid user helpdesk from 116.109.131.73
Apr 17 21:03:20 localhost sshd[15096]: input_userauth_request: invalid user helpdesk
Apr 17 21:03:20 localhost sshd[14969]: Failed password for root from 59.45.79.22 port 35097 ssh2
Apr 17 21:03:21 localhost sshd[15095]: pam_unix(sshd:auth): check pass; user unknown
Apr 17 21:03:21 localhost sshd[15095]: pam_unix(sshd:auth): authentication failure; logname= uid=0 euid=0 tty=ssh ruser= rhost=116.109.131.73 
Apr 17 21:03:23 localhost sshd[15095]: Failed password for invalid user helpdesk from 116.109.131.73 port 62264 ssh2
Apr 17 21:03:23 localhost sshd[15096]: Received disconnect from 116.109.131.73: 3: com.jcraft.jsch.JSchException: Auth fail
Apr 17 21:03:23 localhost sshd[14969]: Failed password for root from 59.45.79.22 port 35097 ssh2
Apr 17 21:03:25 localhost sshd[15155]: Invalid user admin from 116.109.131.73
Apr 17 21:03:25 localhost sshd[15156]: input_userauth_request: invalid user admin
Apr 17 21:03:25 localhost sshd[15155]: pam_unix(sshd:auth): check pass; user unknown
Apr 17 21:03:25 localhost sshd[15155]: pam_unix(sshd:auth): authentication failure; logname= uid=0 euid=0 tty=ssh ruser= rhost=116.109.131.73 
Apr 17 21:03:27 localhost sshd[14969]: Failed password for root from 59.45.79.22 port 35097 ssh2
Apr 17 21:03:27 localhost sshd[15155]: Failed password for invalid user admin from 116.109.131.73 port 64906 ssh2
Apr 17 21:03:27 localhost sshd[15156]: Received disconnect from 116.109.131.73: 3: com.jcraft.jsch.JSchException: Auth fail
Apr 17 21:03:29 localhost sshd[15208]: pam_unix(sshd:auth): authentication failure; logname= uid=0 euid=0 tty=ssh ruser= rhost=116.109.131.73  user=apache
Apr 17 21:03:29 localhost sshd[14969]: Failed password for root from 59.45.79.22 port 35097 ssh2
Apr 17 21:03:31 localhost sshd[15208]: Failed password for apache from 116.109.131.73 port 50662 ssh2
Apr 17 21:03:32 localhost sshd[15209]: Received disconnect from 116.109.131.73: 3: com.jcraft.jsch.JSchException: Auth fail
Apr 17 21:03:33 localhost sshd[14969]: Failed password for root from 59.45.79.22 port 35097 ssh2
Apr 17 21:03:33 localhost sshd[15268]: Invalid user user from 116.109.131.73
Apr 17 21:03:33 localhost sshd[15270]: input_userauth_request: invalid user user
Apr 17 21:03:34 localhost sshd[15268]: pam_unix(sshd:auth): check pass; user unknown
Apr 17 21:03:34 localhost sshd[15268]: pam_unix(sshd:auth): authentication failure; logname= uid=0 euid=0 tty=ssh ruser= rhost=116.109.131.73 
Apr 17 21:03:36 localhost sshd[15268]: Failed password for invalid user user from 116.109.131.73 port 53379 ssh2
Apr 17 21:03:36 localhost sshd[14969]: Failed password for root from 59.45.79.22 port 35097 ssh2
Apr 17 21:03:36 localhost sshd[14970]: Disconnecting: Too many authentication failures for root
Apr 17 21:03:36 localhost sshd[14969]: PAM 5 more authentication failures; logname= uid=0 euid=0 tty=ssh ruser= rhost=59.45.79.22  user=root
Apr 17 21:03:36 localhost sshd[14969]: PAM service(sshd) ignoring max retries; 6 > 3
Apr 17 21:03:36 localhost sshd[15270]: Received disconnect from 116.109.131.73: 3: com.jcraft.jsch.JSchException: Auth fail
Apr 17 21:03:38 localhost sshd[15330]: Invalid user admin from 116.109.131.73
Apr 17 21:03:38 localhost sshd[15331]: input_userauth_request: invalid user admin
Apr 17 21:03:39 localhost sshd[15330]: pam_unix(sshd:auth): check pass; user unknown
Apr 17 21:03:39 localhost sshd[15330]: pam_unix(sshd:auth): authentication failure; logname= uid=0 euid=0 tty=ssh ruser= rhost=116.109.131.73 
Apr 17 21:03:40 localhost sshd[15330]: Failed password for invalid user admin from 116.109.131.73 port 56410 ssh2
Apr 17 21:03:41 localhost sshd[15331]: Received disconnect from 116.109.131.73: 3: com.jcraft.jsch.JSchException: Auth fail
Apr 17 21:03:42 localhost sshd[15385]: Invalid user john from 116.109.131.73
Apr 17 21:03:42 localhost sshd[15386]: input_userauth_request: invalid user john
Apr 17 21:03:43 localhost sshd[15385]: pam_unix(sshd:auth): check pass; user unknown
Apr 17 21:03:43 localhost sshd[15385]: pam_unix(sshd:auth): authentication failure; logname= uid=0 euid=0 tty=ssh ruser= rhost=116.109.131.73 
Apr 17 21:03:45 localhost sshd[15385]: Failed password for invalid user john from 116.109.131.73 port 58917 ssh2
Apr 17 21:03:45 localhost sshd[15386]: Received disconnect from 116.109.131.73: 3: com.jcraft.jsch.JSchException: Auth fail
Apr 17 21:03:47 localhost sshd[15449]: pam_unix(sshd:auth): authentication failure; logname= uid=0 euid=0 tty=ssh ruser= rhost=116.109.131.73  user=root
Apr 17 21:03:48 localhost sshd[15353]: pam_unix(sshd:auth): authentication failure; logname= uid=0 euid=0 tty=ssh ruser= rhost=59.45.79.22  user=root
Apr 17 21:03:49 localhost sshd[15449]: Failed password for root from 116.109.131.73 port 61673 ssh2
Apr 17 21:03:50 localhost sshd[15450]: Received disconnect from 116.109.131.73: 3: com.jcraft.jsch.JSchException: Auth fail
Apr 17 21:03:50 localhost sshd[15353]: Failed password for root from 59.45.79.22 port 58935 ssh2
Apr 17 21:03:52 localhost sshd[15506]: pam_unix(sshd:auth): authentication failure; logname= uid=0 euid=0 tty=ssh ruser= rhost=116.109.131.73  user=root
Apr 17 21:03:53 localhost sshd[15353]: Failed password for root from 59.45.79.22 port 58935 ssh2
Apr 17 21:03:54 localhost sshd[15506]: Failed password for root from 116.109.131.73 port 64535 ssh2
Apr 17 21:03:54 localhost sshd[15509]: Received disconnect from 116.109.131.73: 3: com.jcraft.jsch.JSchException: Auth fail
Apr 17 21:03:56 localhost sshd[15572]: pam_unix(sshd:auth): authentication failure; logname= uid=0 euid=0 tty=ssh ruser= rhost=116.109.131.73  user=root
Apr 17 21:03:58 localhost sshd[15572]: Failed password for root from 116.109.131.73 port 51091 ssh2
Apr 17 21:03:58 localhost sshd[15573]: Received disconnect from 116.109.131.73: 3: com.jcraft.jsch.JSchException: Auth fail
Apr 17 21:04:01 localhost sshd[15627]: pam_unix(sshd:auth): authentication failure; logname= uid=0 euid=0 tty=ssh ruser= rhost=116.109.131.73  user=ftpuser
Apr 17 21:04:02 localhost sshd[15627]: Failed password for ftpuser from 116.109.131.73 port 53652 ssh2
Apr 17 21:04:02 localhost sshd[15628]: Received disconnect from 116.109.131.73: 3: com.jcraft.jsch.JSchException: Auth fail
Apr 17 21:04:05 localhost sshd[15684]: pam_unix(sshd:auth): authentication failure; logname= uid=0 euid=0 tty=ssh ruser= rhost=116.109.131.73  user=adm
Apr 17 21:04:07 localhost sshd[15684]: Failed password for adm from 116.109.131.73 port 55999 ssh2
Apr 17 21:04:07 localhost sshd[15685]: Received disconnect from 116.109.131.73: 3: com.jcraft.jsch.JSchException: Auth fail
Apr 17 21:04:08 localhost sshd[15353]: Failed password for root from 59.45.79.22 port 58935 ssh2
Apr 17 21:04:08 localhost sshd[15374]: Received disconnect from 59.45.79.22: 11: 
Apr 17 21:04:08 localhost sshd[15353]: PAM 2 more authentication failures; logname= uid=0 euid=0 tty=ssh ruser= rhost=59.45.79.22  user=root
Apr 17 21:04:08 localhost sshd[15743]: Invalid user anonymous from 116.109.131.73
Apr 17 21:04:08 localhost sshd[15744]: input_userauth_request: invalid user anonymous
Apr 17 21:04:09 localhost sshd[15743]: pam_unix(sshd:auth): check pass; user unknown
Apr 17 21:04:09 localhost sshd[15743]: pam_unix(sshd:auth): authentication failure; logname= uid=0 euid=0 tty=ssh ruser= rhost=116.109.131.73 
Apr 17 21:04:11 localhost sshd[15743]: Failed password for invalid user anonymous from 116.109.131.73 port 58884 ssh2
Apr 17 21:04:11 localhost sshd[15744]: Received disconnect from 116.109.131.73: 3: com.jcraft.jsch.JSchException: Auth fail
Apr 17 21:04:13 localhost sshd[15807]: Invalid user sales from 116.109.131.73
Apr 17 21:04:13 localhost sshd[15808]: input_userauth_request: invalid user sales
Apr 17 21:04:14 localhost sshd[15807]: pam_unix(sshd:auth): check pass; user unknown
Apr 17 21:04:14 localhost sshd[15807]: pam_unix(sshd:auth): authentication failure; logname= uid=0 euid=0 tty=ssh ruser= rhost=116.109.131.73 
Apr 17 21:04:16 localhost sshd[15807]: Failed password for invalid user sales from 116.109.131.73 port 61950 ssh2
Apr 17 21:04:16 localhost sshd[15808]: Received disconnect from 116.109.131.73: 3: com.jcraft.jsch.JSchException: Auth fail
Apr 17 21:04:18 localhost sshd[15855]: pam_unix(sshd:auth): authentication failure; logname= uid=0 euid=0 tty=ssh ruser= rhost=116.109.131.73  user=mysql
Apr 17 21:04:20 localhost sshd[15855]: Failed password for mysql from 116.109.131.73 port 64738 ssh2
Apr 17 21:04:21 localhost sshd[15856]: Received disconnect from 116.109.131.73: 3: com.jcraft.jsch.JSchException: Auth fail
Apr 17 21:04:22 localhost sshd[15763]: Received disconnect from 59.45.79.22: 11: 
Apr 17 21:04:23 localhost sshd[15926]: pam_unix(sshd:auth): authentication failure; logname= uid=0 euid=0 tty=ssh ruser= rhost=116.109.131.73  user=root
Apr 17 21:04:25 localhost sshd[15926]: Failed password for root from 116.109.131.73 port 51280 ssh2
Apr 17 21:04:26 localhost sshd[15927]: Received disconnect from 116.109.131.73: 3: com.jcraft.jsch.JSchException: Auth fail
Apr 17 21:04:27 localhost sshd[15987]: Invalid user test from 116.109.131.73
Apr 17 21:04:27 localhost sshd[15988]: input_userauth_request: invalid user test
Apr 17 21:04:28 localhost sshd[15987]: pam_unix(sshd:auth): check pass; user unknown
Apr 17 21:04:28 localhost sshd[15987]: pam_unix(sshd:auth): authentication failure; logname= uid=0 euid=0 tty=ssh ruser= rhost=116.109.131.73 
Apr 17 21:04:30 localhost sshd[15987]: Failed password for invalid user test from 116.109.131.73 port 54416 ssh2
Apr 17 21:04:31 localhost sshd[15988]: Received disconnect from 116.109.131.73: 3: com.jcraft.jsch.JSchException: Auth fail
Apr 17 21:04:32 localhost sshd[16063]: Invalid user demo from 116.109.131.73
Apr 17 21:04:32 localhost sshd[16064]: input_userauth_request: invalid user demo
Apr 17 21:04:33 localhost sshd[16063]: pam_unix(sshd:auth): check pass; user unknown
Apr 17 21:04:33 localhost sshd[16063]: pam_unix(sshd:auth): authentication failure; logname= uid=0 euid=0 tty=ssh ruser= rhost=116.109.131.73 
Apr 17 21:04:34 localhost sshd[16063]: Failed password for invalid user demo from 116.109.131.73 port 57306 ssh2
Apr 17 21:04:35 localhost sshd[16064]: Received disconnect from 116.109.131.73: 3: com.jcraft.jsch.JSchException: Auth fail
Apr 17 21:04:36 localhost sshd[16125]: Invalid user adam from 116.109.131.73
Apr 17 21:04:36 localhost sshd[16126]: input_userauth_request: invalid user adam
Apr 17 21:04:37 localhost sshd[16125]: pam_unix(sshd:auth): check pass; user unknown
Apr 17 21:04:37 localhost sshd[16125]: pam_unix(sshd:auth): authentication failure; logname= uid=0 euid=0 tty=ssh ruser= rhost=116.109.131.73 
Apr 17 21:04:39 localhost sshd[16125]: Failed password for invalid user adam from 116.109.131.73 port 59759 ssh2
Apr 17 21:04:39 localhost sshd[16126]: Received disconnect from 116.109.131.73: 3: com.jcraft.jsch.JSchException: Auth fail
Apr 17 21:04:41 localhost sshd[16187]: Invalid user backup from 116.109.131.73
Apr 17 21:04:41 localhost sshd[16188]: input_userauth_request: invalid user backup
Apr 17 21:04:41 localhost sshd[16187]: pam_unix(sshd:auth): check pass; user unknown
Apr 17 21:04:41 localhost sshd[16187]: pam_unix(sshd:auth): authentication failure; logname= uid=0 euid=0 tty=ssh ruser= rhost=116.109.131.73 
Apr 17 21:04:44 localhost sshd[16187]: Failed password for invalid user backup from 116.109.131.73 port 62572 ssh2
Apr 17 21:04:44 localhost sshd[16188]: Received disconnect from 116.109.131.73: 3: com.jcraft.jsch.JSchException: Auth fail
Apr 17 21:04:46 localhost sshd[16235]: Invalid user admin from 116.109.131.73
Apr 17 21:04:50 localhost sshd[16236]: input_userauth_request: invalid user admin
Apr 17 21:04:50 localhost sshd[16235]: pam_unix(sshd:auth): check pass; user unknown
Apr 17 21:04:50 localhost sshd[16235]: pam_unix(sshd:auth): authentication failure; logname= uid=0 euid=0 tty=ssh ruser= rhost=116.109.131.73 
Apr 17 21:04:52 localhost sshd[16235]: Failed password for invalid user admin from 116.109.131.73 port 65529 ssh2
Apr 17 21:04:52 localhost sshd[16236]: Received disconnect from 116.109.131.73: 3: com.jcraft.jsch.JSchException: Auth fail
Apr 17 21:04:54 localhost sshd[16336]: pam_unix(sshd:auth): authentication failure; logname= uid=0 euid=0 tty=ssh ruser= rhost=116.109.131.73  user=root
Apr 17 21:04:56 localhost sshd[16336]: Failed password for root from 116.109.131.73 port 54253 ssh2
Apr 17 21:04:57 localhost sshd[16337]: Received disconnect from 116.109.131.73: 3: com.jcraft.jsch.JSchException: Auth fail
Apr 17 21:12:27 localhost sshd[19068]: reverse mapping checking getaddrinfo for 148.pichincha.andinanet.net [186.42.186.148] failed - POSSIBLE BREAK-IN ATTEMPT!
Apr 17 21:12:27 localhost sshd[19068]: Invalid user www from 186.42.186.148
Apr 17 21:12:27 localhost sshd[19069]: input_userauth_request: invalid user www
Apr 17 21:12:27 localhost sshd[19068]: pam_unix(sshd:auth): check pass; user unknown
Apr 17 21:12:27 localhost sshd[19068]: pam_unix(sshd:auth): authentication failure; logname= uid=0 euid=0 tty=ssh ruser= rhost=186.42.186.148 
Apr 17 21:12:28 localhost sshd[19068]: Failed password for invalid user www from 186.42.186.148 port 49536 ssh2
Apr 17 21:12:29 localhost sshd[19069]: Connection closed by 186.42.186.148
Apr 17 21:24:19 localhost sshd[19618]: pam_unix(sshd:auth): authentication failure; logname= uid=0 euid=0 tty=ssh ruser= rhost=59.45.79.22  user=root
Apr 17 21:24:21 localhost sshd[19618]: Failed password for root from 59.45.79.22 port 6668 ssh2
Apr 17 21:24:24 localhost sshd[19618]: Failed password for root from 59.45.79.22 port 6668 ssh2
Apr 17 21:24:28 localhost sshd[19618]: Failed password for root from 59.45.79.22 port 6668 ssh2
Apr 17 21:24:31 localhost sshd[19618]: Failed password for root from 59.45.79.22 port 6668 ssh2
Apr 17 21:24:34 localhost sshd[19618]: Failed password for root from 59.45.79.22 port 6668 ssh2
Apr 17 21:24:38 localhost sshd[19618]: Failed password for root from 59.45.79.22 port 6668 ssh2
Apr 17 21:24:38 localhost sshd[19619]: Disconnecting: Too many authentication failures for root
Apr 17 21:24:38 localhost sshd[19618]: PAM 5 more authentication failures; logname= uid=0 euid=0 tty=ssh ruser= rhost=59.45.79.22  user=root
Apr 17 21:24:38 localhost sshd[19618]: PAM service(sshd) ignoring max retries; 6 > 3
Apr 17 21:24:49 localhost sshd[19657]: pam_unix(sshd:auth): authentication failure; logname= uid=0 euid=0 tty=ssh ruser= rhost=59.45.79.22  user=root
Apr 17 21:24:51 localhost sshd[19657]: Failed password for root from 59.45.79.22 port 26179 ssh2
Apr 17 21:24:55 localhost sshd[19657]: Failed password for root from 59.45.79.22 port 26179 ssh2
Apr 17 21:24:59 localhost sshd[19657]: Failed password for root from 59.45.79.22 port 26179 ssh2
Apr 17 21:25:02 localhost sshd[19657]: Failed password for root from 59.45.79.22 port 26179 ssh2
Apr 17 21:25:05 localhost sshd[19657]: Failed password for root from 59.45.79.22 port 26179 ssh2
Apr 17 21:25:08 localhost sshd[19658]: Disconnecting: Too many authentication failures for root
Apr 17 21:25:08 localhost sshd[19657]: Failed password for root from 59.45.79.22 port 26179 ssh2
Apr 17 21:25:08 localhost sshd[19657]: PAM 5 more authentication failures; logname= uid=0 euid=0 tty=ssh ruser= rhost=59.45.79.22  user=root
Apr 17 21:25:08 localhost sshd[19657]: PAM service(sshd) ignoring max retries; 6 > 3
Apr 17 21:25:17 localhost sshd[19728]: pam_unix(sshd:auth): authentication failure; logname= uid=0 euid=0 tty=ssh ruser= rhost=59.45.79.22  user=root
Apr 17 21:25:19 localhost sshd[19728]: Failed password for root from 59.45.79.22 port 50963 ssh2
Apr 17 21:25:22 localhost sshd[19728]: Failed password for root from 59.45.79.22 port 50963 ssh2
Apr 17 21:25:26 localhost sshd[19728]: Failed password for root from 59.45.79.22 port 50963 ssh2
Apr 17 21:25:30 localhost sshd[19728]: Failed password for root from 59.45.79.22 port 50963 ssh2
Apr 17 21:25:32 localhost sshd[19728]: Failed password for root from 59.45.79.22 port 50963 ssh2
Apr 17 21:25:35 localhost sshd[19728]: Failed password for root from 59.45.79.22 port 50963 ssh2
Apr 17 21:25:35 localhost sshd[19729]: Disconnecting: Too many authentication failures for root
Apr 17 21:25:35 localhost sshd[19728]: PAM 5 more authentication failures; logname= uid=0 euid=0 tty=ssh ruser= rhost=59.45.79.22  user=root
Apr 17 21:25:35 localhost sshd[19728]: PAM service(sshd) ignoring max retries; 6 > 3
Apr 17 21:25:43 localhost sshd[19751]: pam_unix(sshd:auth): authentication failure; logname= uid=0 euid=0 tty=ssh ruser= rhost=59.45.79.22  user=root
Apr 17 21:25:45 localhost sshd[19751]: Failed password for root from 59.45.79.22 port 8811 ssh2
Apr 17 21:25:49 localhost sshd[19751]: Failed password for root from 59.45.79.22 port 8811 ssh2
Apr 17 21:25:52 localhost sshd[19751]: Failed password for root from 59.45.79.22 port 8811 ssh2
Apr 17 21:25:55 localhost sshd[19751]: Failed password for root from 59.45.79.22 port 8811 ssh2
Apr 17 21:25:58 localhost sshd[19751]: Failed password for root from 59.45.79.22 port 8811 ssh2
Apr 17 21:26:01 localhost sshd[19751]: Failed password for root from 59.45.79.22 port 8811 ssh2
Apr 17 21:26:01 localhost sshd[19752]: Disconnecting: Too many authentication failures for root
Apr 17 21:26:01 localhost sshd[19751]: PAM 5 more authentication failures; logname= uid=0 euid=0 tty=ssh ruser= rhost=59.45.79.22  user=root
Apr 17 21:26:01 localhost sshd[19751]: PAM service(sshd) ignoring max retries; 6 > 3
Apr 17 21:26:07 localhost sshd[19782]: pam_unix(sshd:auth): authentication failure; logname= uid=0 euid=0 tty=ssh ruser= rhost=59.45.79.22  user=root
Apr 17 21:26:09 localhost sshd[19782]: Failed password for root from 59.45.79.22 port 30392 ssh2
Apr 17 21:26:13 localhost sshd[19782]: Failed password for root from 59.45.79.22 port 30392 ssh2
Apr 17 21:26:16 localhost sshd[19782]: Failed password for root from 59.45.79.22 port 30392 ssh2
Apr 17 21:26:19 localhost sshd[19782]: Failed password for root from 59.45.79.22 port 30392 ssh2
Apr 17 21:26:22 localhost sshd[19782]: Failed password for root from 59.45.79.22 port 30392 ssh2
Apr 17 21:26:25 localhost sshd[19783]: Disconnecting: Too many authentication failures for root
Apr 17 21:26:25 localhost sshd[19782]: Failed password for root from 59.45.79.22 port 30392 ssh2
Apr 17 21:26:25 localhost sshd[19782]: PAM 5 more authentication failures; logname= uid=0 euid=0 tty=ssh ruser= rhost=59.45.79.22  user=root
Apr 17 21:26:25 localhost sshd[19782]: PAM service(sshd) ignoring max retries; 6 > 3
Apr 17 21:27:11 localhost sshd[19847]: Connection closed by 59.45.79.22
Apr 17 21:28:11 localhost sshd[19894]: reverse mapping checking getaddrinfo for 148.pichincha.andinanet.net [186.42.186.148] failed - POSSIBLE BREAK-IN ATTEMPT!
Apr 17 21:28:11 localhost sshd[19894]: Invalid user view from 186.42.186.148
Apr 17 21:28:11 localhost sshd[19895]: input_userauth_request: invalid user view
Apr 17 21:28:11 localhost sshd[19894]: pam_unix(sshd:auth): check pass; user unknown
Apr 17 21:28:11 localhost sshd[19894]: pam_unix(sshd:auth): authentication failure; logname= uid=0 euid=0 tty=ssh ruser= rhost=186.42.186.148 
Apr 17 21:28:14 localhost sshd[19894]: Failed password for invalid user view from 186.42.186.148 port 38249 ssh2
Apr 17 21:28:14 localhost sshd[19895]: Connection closed by 186.42.186.148
Apr 17 21:39:49 localhost sshd[20344]: pam_unix(sshd:auth): authentication failure; logname= uid=0 euid=0 tty=ssh ruser= rhost=59.45.79.22  user=root
Apr 17 21:39:51 localhost sshd[20344]: Failed password for root from 59.45.79.22 port 15523 ssh2
Apr 17 21:39:56 localhost sshd[20344]: Failed password for root from 59.45.79.22 port 15523 ssh2
Apr 17 21:39:59 localhost sshd[20344]: Failed password for root from 59.45.79.22 port 15523 ssh2
Apr 17 21:40:03 localhost sshd[20344]: Failed password for root from 59.45.79.22 port 15523 ssh2
Apr 17 21:40:06 localhost sshd[20344]: Failed password for root from 59.45.79.22 port 15523 ssh2
Apr 17 21:40:08 localhost sshd[20345]: Disconnecting: Too many authentication failures for root
Apr 17 21:40:08 localhost sshd[20344]: Failed password for root from 59.45.79.22 port 15523 ssh2
Apr 17 21:40:08 localhost sshd[20344]: PAM 5 more authentication failures; logname= uid=0 euid=0 tty=ssh ruser= rhost=59.45.79.22  user=root
Apr 17 21:40:08 localhost sshd[20344]: PAM service(sshd) ignoring max retries; 6 > 3
Apr 17 21:40:13 localhost sshd[20422]: pam_unix(sshd:auth): authentication failure; logname= uid=0 euid=0 tty=ssh ruser= rhost=59.45.79.22  user=root
Apr 17 21:40:15 localhost sshd[20422]: Failed password for root from 59.45.79.22 port 37902 ssh2
Apr 17 21:40:18 localhost sshd[20422]: Failed password for root from 59.45.79.22 port 37902 ssh2
Apr 17 21:40:21 localhost sshd[20422]: Failed password for root from 59.45.79.22 port 37902 ssh2
Apr 17 21:40:23 localhost sshd[20422]: Failed password for root from 59.45.79.22 port 37902 ssh2
Apr 17 21:40:27 localhost sshd[20422]: Failed password for root from 59.45.79.22 port 37902 ssh2
Apr 17 21:40:30 localhost sshd[20423]: Disconnecting: Too many authentication failures for root
Apr 17 21:40:30 localhost sshd[20422]: Failed password for root from 59.45.79.22 port 37902 ssh2
Apr 17 21:40:30 localhost sshd[20422]: PAM 5 more authentication failures; logname= uid=0 euid=0 tty=ssh ruser= rhost=59.45.79.22  user=root
Apr 17 21:40:30 localhost sshd[20422]: PAM service(sshd) ignoring max retries; 6 > 3
Apr 17 21:40:38 localhost sshd[20439]: pam_unix(sshd:auth): authentication failure; logname= uid=0 euid=0 tty=ssh ruser= rhost=59.45.79.22  user=root
Apr 17 21:40:40 localhost sshd[20439]: Failed password for root from 59.45.79.22 port 56489 ssh2
Apr 17 21:40:43 localhost sshd[20439]: Failed password for root from 59.45.79.22 port 56489 ssh2
Apr 17 21:40:46 localhost sshd[20439]: Failed password for root from 59.45.79.22 port 56489 ssh2
Apr 17 21:40:48 localhost sshd[20439]: Failed password for root from 59.45.79.22 port 56489 ssh2
Apr 17 21:40:52 localhost sshd[20439]: Failed password for root from 59.45.79.22 port 56489 ssh2
Apr 17 21:40:55 localhost sshd[20439]: Failed password for root from 59.45.79.22 port 56489 ssh2
Apr 17 21:40:55 localhost sshd[20440]: Disconnecting: Too many authentication failures for root
Apr 17 21:40:55 localhost sshd[20439]: PAM 5 more authentication failures; logname= uid=0 euid=0 tty=ssh ruser= rhost=59.45.79.22  user=root
Apr 17 21:40:55 localhost sshd[20439]: PAM service(sshd) ignoring max retries; 6 > 3
Apr 17 21:41:01 localhost sshd[20452]: pam_unix(sshd:auth): authentication failure; logname= uid=0 euid=0 tty=ssh ruser= rhost=59.45.79.22  user=root
Apr 17 21:41:02 localhost sshd[20452]: Failed password for root from 59.45.79.22 port 14077 ssh2
Apr 17 21:41:06 localhost sshd[20452]: Failed password for root from 59.45.79.22 port 14077 ssh2
Apr 17 21:41:08 localhost sshd[20452]: Failed password for root from 59.45.79.22 port 14077 ssh2
Apr 17 21:41:11 localhost sshd[20452]: Failed password for root from 59.45.79.22 port 14077 ssh2
Apr 17 21:41:15 localhost sshd[20452]: Failed password for root from 59.45.79.22 port 14077 ssh2
Apr 17 21:41:17 localhost sshd[20452]: Failed password for root from 59.45.79.22 port 14077 ssh2
Apr 17 21:41:17 localhost sshd[20453]: Disconnecting: Too many authentication failures for root
Apr 17 21:41:17 localhost sshd[20452]: PAM 5 more authentication failures; logname= uid=0 euid=0 tty=ssh ruser= rhost=59.45.79.22  user=root
Apr 17 21:41:17 localhost sshd[20452]: PAM service(sshd) ignoring max retries; 6 > 3
Apr 17 21:41:27 localhost sshd[20475]: pam_unix(sshd:auth): authentication failure; logname= uid=0 euid=0 tty=ssh ruser= rhost=59.45.79.22  user=root
Apr 17 21:41:29 localhost sshd[20475]: Failed password for root from 59.45.79.22 port 33248 ssh2
Apr 17 21:41:35 localhost sshd[20475]: Failed password for root from 59.45.79.22 port 33248 ssh2
Apr 17 21:41:46 localhost sshd[20475]: Failed password for root from 59.45.79.22 port 33248 ssh2
Apr 17 21:41:47 localhost sshd[20476]: Received disconnect from 59.45.79.22: 11: 
Apr 17 21:41:47 localhost sshd[20475]: PAM 2 more authentication failures; logname= uid=0 euid=0 tty=ssh ruser= rhost=59.45.79.22  user=root
Apr 17 21:41:55 localhost sshd[20497]: pam_unix(sshd:auth): authentication failure; logname= uid=0 euid=0 tty=ssh ruser= rhost=59.45.79.22  user=root
Apr 17 21:41:57 localhost sshd[20497]: Failed password for root from 59.45.79.22 port 57221 ssh2
Apr 17 21:42:00 localhost sshd[20497]: Failed password for root from 59.45.79.22 port 57221 ssh2
Apr 17 21:42:02 localhost sshd[20497]: Failed password for root from 59.45.79.22 port 57221 ssh2
Apr 17 21:42:07 localhost sshd[20497]: Failed password for root from 59.45.79.22 port 57221 ssh2
Apr 17 21:42:10 localhost sshd[20497]: Failed password for root from 59.45.79.22 port 57221 ssh2
Apr 17 21:42:14 localhost sshd[20497]: Failed password for root from 59.45.79.22 port 57221 ssh2
Apr 17 21:42:14 localhost sshd[20498]: Disconnecting: Too many authentication failures for root
Apr 17 21:42:14 localhost sshd[20497]: PAM 5 more authentication failures; logname= uid=0 euid=0 tty=ssh ruser= rhost=59.45.79.22  user=root
Apr 17 21:42:14 localhost sshd[20497]: PAM service(sshd) ignoring max retries; 6 > 3
Apr 17 21:42:19 localhost sshd[20509]: pam_unix(sshd:auth): authentication failure; logname= uid=0 euid=0 tty=ssh ruser= rhost=59.45.79.22  user=root
Apr 17 21:42:21 localhost sshd[20509]: Failed password for root from 59.45.79.22 port 16603 ssh2
Apr 17 21:42:25 localhost sshd[20509]: Failed password for root from 59.45.79.22 port 16603 ssh2
Apr 17 21:42:28 localhost sshd[20509]: Failed password for root from 59.45.79.22 port 16603 ssh2
Apr 17 21:42:33 localhost sshd[20509]: Failed password for root from 59.45.79.22 port 16603 ssh2
Apr 17 21:42:35 localhost sshd[20509]: Failed password for root from 59.45.79.22 port 16603 ssh2
Apr 17 21:42:39 localhost sshd[20509]: Failed password for root from 59.45.79.22 port 16603 ssh2
Apr 17 21:42:39 localhost sshd[20510]: Disconnecting: Too many authentication failures for root
Apr 17 21:42:39 localhost sshd[20509]: PAM 5 more authentication failures; logname= uid=0 euid=0 tty=ssh ruser= rhost=59.45.79.22  user=root
Apr 17 21:42:39 localhost sshd[20509]: PAM service(sshd) ignoring max retries; 6 > 3
Apr 17 21:42:43 localhost sshd[20519]: pam_unix(sshd:auth): authentication failure; logname= uid=0 euid=0 tty=ssh ruser= rhost=59.45.79.22  user=root
Apr 17 21:42:45 localhost sshd[20519]: Failed password for root from 59.45.79.22 port 37765 ssh2
Apr 17 21:42:48 localhost sshd[20519]: Failed password for root from 59.45.79.22 port 37765 ssh2
Apr 17 21:42:52 localhost sshd[20519]: Failed password for root from 59.45.79.22 port 37765 ssh2
Apr 17 21:42:57 localhost sshd[20519]: Failed password for root from 59.45.79.22 port 37765 ssh2
Apr 17 21:43:00 localhost sshd[20519]: Failed password for root from 59.45.79.22 port 37765 ssh2
Apr 17 21:43:02 localhost sshd[20519]: Failed password for root from 59.45.79.22 port 37765 ssh2
Apr 17 21:43:02 localhost sshd[20520]: Disconnecting: Too many authentication failures for root
Apr 17 21:43:02 localhost sshd[20519]: PAM 5 more authentication failures; logname= uid=0 euid=0 tty=ssh ruser= rhost=59.45.79.22  user=root
Apr 17 21:43:02 localhost sshd[20519]: PAM service(sshd) ignoring max retries; 6 > 3
Apr 17 21:43:10 localhost sshd[20529]: pam_unix(sshd:auth): authentication failure; logname= uid=0 euid=0 tty=ssh ruser= rhost=59.45.79.22  user=root
Apr 17 21:43:12 localhost sshd[20529]: Failed password for root from 59.45.79.22 port 58003 ssh2
Apr 17 21:43:15 localhost sshd[20529]: Failed password for root from 59.45.79.22 port 58003 ssh2
Apr 17 21:43:18 localhost sshd[20529]: Failed password for root from 59.45.79.22 port 58003 ssh2
Apr 17 21:43:21 localhost sshd[20529]: Failed password for root from 59.45.79.22 port 58003 ssh2
Apr 17 21:43:25 localhost sshd[20529]: Failed password for root from 59.45.79.22 port 58003 ssh2
Apr 17 21:43:28 localhost sshd[20529]: Failed password for root from 59.45.79.22 port 58003 ssh2
Apr 17 21:43:28 localhost sshd[20530]: Disconnecting: Too many authentication failures for root
Apr 17 21:43:28 localhost sshd[20529]: PAM 5 more authentication failures; logname= uid=0 euid=0 tty=ssh ruser= rhost=59.45.79.22  user=root
Apr 17 21:43:28 localhost sshd[20529]: PAM service(sshd) ignoring max retries; 6 > 3
Apr 17 21:43:36 localhost sshd[20531]: pam_unix(sshd:auth): authentication failure; logname= uid=0 euid=0 tty=ssh ruser= rhost=59.45.79.22  user=root
Apr 17 21:43:39 localhost sshd[20531]: Failed password for root from 59.45.79.22 port 14382 ssh2
Apr 17 21:43:41 localhost sshd[20531]: Failed password for root from 59.45.79.22 port 14382 ssh2
Apr 17 21:43:45 localhost sshd[20531]: Failed password for root from 59.45.79.22 port 14382 ssh2
Apr 17 21:43:49 localhost sshd[20531]: Failed password for root from 59.45.79.22 port 14382 ssh2
Apr 17 21:43:52 localhost sshd[20547]: reverse mapping checking getaddrinfo for 148.pichincha.andinanet.net [186.42.186.148] failed - POSSIBLE BREAK-IN ATTEMPT!
Apr 17 21:43:52 localhost sshd[20547]: Invalid user mythtv from 186.42.186.148
Apr 17 21:43:52 localhost sshd[20548]: input_userauth_request: invalid user mythtv
Apr 17 21:43:52 localhost sshd[20547]: pam_unix(sshd:auth): check pass; user unknown
Apr 17 21:43:52 localhost sshd[20547]: pam_unix(sshd:auth): authentication failure; logname= uid=0 euid=0 tty=ssh ruser= rhost=186.42.186.148 
Apr 17 21:43:52 localhost sshd[20531]: Failed password for root from 59.45.79.22 port 14382 ssh2
Apr 17 21:43:54 localhost sshd[20547]: Failed password for invalid user mythtv from 186.42.186.148 port 56855 ssh2
Apr 17 21:43:54 localhost sshd[20548]: Connection closed by 186.42.186.148
Apr 17 21:43:54 localhost proftpd[20549]: 127.0.0.1 (::ffff:120.76.181.18[::ffff:120.76.181.18]) - USER anonymous: no such user found from ::ffff:120.76.181.18 [::ffff:120.76.181.18] to ::ffff:176.9.192.216:21
Apr 17 21:43:57 localhost sshd[20532]: Disconnecting: Too many authentication failures for root
Apr 17 21:43:57 localhost sshd[20531]: Failed password for root from 59.45.79.22 port 14382 ssh2
Apr 17 21:43:57 localhost sshd[20531]: PAM 5 more authentication failures; logname= uid=0 euid=0 tty=ssh ruser= rhost=59.45.79.22  user=root
Apr 17 21:43:57 localhost sshd[20531]: PAM service(sshd) ignoring max retries; 6 > 3
Apr 17 21:44:01 localhost sshd[20554]: pam_unix(sshd:auth): authentication failure; logname= uid=0 euid=0 tty=ssh ruser= rhost=59.45.79.22  user=root
Apr 17 21:44:02 localhost proftpd[20556]: 127.0.0.1 (::ffff:120.76.181.18[::ffff:120.76.181.18]) - USER jacarandaholidays: no such user found from ::ffff:120.76.181.18 [::ffff:120.76.181.18] to ::ffff:176.9.192.216:21
Apr 17 21:44:03 localhost sshd[20554]: Failed password for root from 59.45.79.22 port 38344 ssh2
Apr 17 21:44:09 localhost proftpd[20565]: 127.0.0.1 (::ffff:120.76.181.18[::ffff:120.76.181.18]) - USER jacarandaholidays: no such user found from ::ffff:120.76.181.18 [::ffff:120.76.181.18] to ::ffff:176.9.192.216:21
Apr 17 21:44:12 localhost sshd[20554]: Failed password for root from 59.45.79.22 port 38344 ssh2
Apr 17 21:44:12 localhost proftpd[20574]: 127.0.0.1 (::ffff:120.76.181.18[::ffff:120.76.181.18]) - USER jacarandaholidays: no such user found from ::ffff:120.76.181.18 [::ffff:120.76.181.18] to ::ffff:176.9.192.216:21
Apr 17 21:44:14 localhost proftpd[20577]: 127.0.0.1 (::ffff:120.76.181.18[::ffff:120.76.181.18]) - USER jacarandaholidays: no such user found from ::ffff:120.76.181.18 [::ffff:120.76.181.18] to ::ffff:176.9.192.216:21
Apr 17 21:44:15 localhost sshd[20554]: Failed password for root from 59.45.79.22 port 38344 ssh2
Apr 17 21:44:18 localhost proftpd[20580]: 127.0.0.1 (::ffff:120.76.181.18[::ffff:120.76.181.18]) - USER jacarandaholidays: no such user found from ::ffff:120.76.181.18 [::ffff:120.76.181.18] to ::ffff:176.9.192.216:21
Apr 17 21:44:18 localhost sshd[20554]: Failed password for root from 59.45.79.22 port 38344 ssh2
Apr 17 21:44:19 localhost proftpd[20584]: 127.0.0.1 (::ffff:120.76.181.18[::ffff:120.76.181.18]) - USER jacarandaholidays: no such user found from ::ffff:120.76.181.18 [::ffff:120.76.181.18] to ::ffff:176.9.192.216:21
Apr 17 21:44:21 localhost sshd[20554]: Failed password for root from 59.45.79.22 port 38344 ssh2
Apr 17 21:44:25 localhost proftpd[20586]: 127.0.0.1 (::ffff:120.76.181.18[::ffff:120.76.181.18]) - USER jacarandaholidays: no such user found from ::ffff:120.76.181.18 [::ffff:120.76.181.18] to ::ffff:176.9.192.216:21
Apr 17 21:44:26 localhost sshd[20554]: Failed password for root from 59.45.79.22 port 38344 ssh2
Apr 17 21:44:26 localhost sshd[20555]: Disconnecting: Too many authentication failures for root
Apr 17 21:44:26 localhost sshd[20554]: PAM 5 more authentication failures; logname= uid=0 euid=0 tty=ssh ruser= rhost=59.45.79.22  user=root
Apr 17 21:44:26 localhost sshd[20554]: PAM service(sshd) ignoring max retries; 6 > 3
Apr 17 21:44:27 localhost proftpd[20595]: 127.0.0.1 (::ffff:120.76.181.18[::ffff:120.76.181.18]) - USER jacarandaholidays: no such user found from ::ffff:120.76.181.18 [::ffff:120.76.181.18] to ::ffff:176.9.192.216:21
Apr 17 21:44:29 localhost proftpd[20602]: 127.0.0.1 (::ffff:120.76.181.18[::ffff:120.76.181.18]) - USER jacarandaholidays: no such user found from ::ffff:120.76.181.18 [::ffff:120.76.181.18] to ::ffff:176.9.192.216:21
Apr 17 21:44:35 localhost proftpd[20611]: 127.0.0.1 (::ffff:120.76.181.18[::ffff:120.76.181.18]) - USER jacarandaholidays: no such user found from ::ffff:120.76.181.18 [::ffff:120.76.181.18] to ::ffff:176.9.192.216:21
Apr 17 21:44:38 localhost proftpd[20614]: 127.0.0.1 (::ffff:120.76.181.18[::ffff:120.76.181.18]) - USER jacarandaholidays: no such user found from ::ffff:120.76.181.18 [::ffff:120.76.181.18] to ::ffff:176.9.192.216:21
Apr 17 21:44:38 localhost sshd[20607]: pam_unix(sshd:auth): authentication failure; logname= uid=0 euid=0 tty=ssh ruser= rhost=59.45.79.22  user=root
Apr 17 21:44:39 localhost sshd[20607]: Failed password for root from 59.45.79.22 port 62225 ssh2
Apr 17 21:44:40 localhost proftpd[20622]: 127.0.0.1 (::ffff:120.76.181.18[::ffff:120.76.181.18]) - USER jacarandaholidays: no such user found from ::ffff:120.76.181.18 [::ffff:120.76.181.18] to ::ffff:176.9.192.216:21
Apr 17 21:44:45 localhost sshd[20607]: Failed password for root from 59.45.79.22 port 62225 ssh2
Apr 17 21:44:46 localhost proftpd[20625]: 127.0.0.1 (::ffff:120.76.181.18[::ffff:120.76.181.18]) - USER jacarandaholidays: no such user found from ::ffff:120.76.181.18 [::ffff:120.76.181.18] to ::ffff:176.9.192.216:21
Apr 17 21:44:47 localhost proftpd[20632]: 127.0.0.1 (::ffff:120.76.181.18[::ffff:120.76.181.18]) - USER jacarandaholidays: no such user found from ::ffff:120.76.181.18 [::ffff:120.76.181.18] to ::ffff:176.9.192.216:21
Apr 17 21:44:48 localhost sshd[20607]: Failed password for root from 59.45.79.22 port 62225 ssh2
Apr 17 21:44:49 localhost proftpd[20635]: 127.0.0.1 (::ffff:120.76.181.18[::ffff:120.76.181.18]) - USER jacarandaholidays: no such user found from ::ffff:120.76.181.18 [::ffff:120.76.181.18] to ::ffff:176.9.192.216:21
Apr 17 21:44:52 localhost sshd[20607]: Failed password for root from 59.45.79.22 port 62225 ssh2
Apr 17 21:44:55 localhost proftpd[20642]: 127.0.0.1 (::ffff:120.76.181.18[::ffff:120.76.181.18]) - USER jacarandaholidays: no such user found from ::ffff:120.76.181.18 [::ffff:120.76.181.18] to ::ffff:176.9.192.216:21
Apr 17 21:44:55 localhost sshd[20607]: Failed password for root from 59.45.79.22 port 62225 ssh2
Apr 17 21:44:57 localhost proftpd[20644]: 127.0.0.1 (::ffff:120.76.181.18[::ffff:120.76.181.18]) - USER jacarandaholidays: no such user found from ::ffff:120.76.181.18 [::ffff:120.76.181.18] to ::ffff:176.9.192.216:21
Apr 17 21:44:59 localhost sshd[20607]: Failed password for root from 59.45.79.22 port 62225 ssh2
Apr 17 21:44:59 localhost sshd[20608]: Disconnecting: Too many authentication failures for root
Apr 17 21:44:59 localhost sshd[20607]: PAM 5 more authentication failures; logname= uid=0 euid=0 tty=ssh ruser= rhost=59.45.79.22  user=root
Apr 17 21:44:59 localhost sshd[20607]: PAM service(sshd) ignoring max retries; 6 > 3
Apr 17 21:45:00 localhost proftpd[20647]: 127.0.0.1 (::ffff:120.76.181.18[::ffff:120.76.181.18]) - USER jacarandaholidays: no such user found from ::ffff:120.76.181.18 [::ffff:120.76.181.18] to ::ffff:176.9.192.216:21
Apr 17 21:45:04 localhost proftpd[20714]: 127.0.0.1 (::ffff:120.76.181.18[::ffff:120.76.181.18]) - USER jacarandaholidays: no such user found from ::ffff:120.76.181.18 [::ffff:120.76.181.18] to ::ffff:176.9.192.216:21
Apr 17 21:45:07 localhost sshd[20672]: pam_unix(sshd:auth): authentication failure; logname= uid=0 euid=0 tty=ssh ruser= rhost=59.45.79.22  user=root
Apr 17 21:45:08 localhost proftpd[20723]: 127.0.0.1 (::ffff:120.76.181.18[::ffff:120.76.181.18]) - USER jacarandaholidays: no such user found from ::ffff:120.76.181.18 [::ffff:120.76.181.18] to ::ffff:176.9.192.216:21
Apr 17 21:45:09 localhost sshd[20672]: Failed password for root from 59.45.79.22 port 25355 ssh2
Apr 17 21:45:12 localhost sshd[20672]: Failed password for root from 59.45.79.22 port 25355 ssh2
Apr 17 21:45:12 localhost proftpd[20726]: 127.0.0.1 (::ffff:120.76.181.18[::ffff:120.76.181.18]) - USER jacarandaholidays: no such user found from ::ffff:120.76.181.18 [::ffff:120.76.181.18] to ::ffff:176.9.192.216:21
Apr 17 21:45:14 localhost proftpd[20730]: 127.0.0.1 (::ffff:120.76.181.18[::ffff:120.76.181.18]) - USER jacarandaholidays: no such user found from ::ffff:120.76.181.18 [::ffff:120.76.181.18] to ::ffff:176.9.192.216:21
Apr 17 21:45:15 localhost sshd[20672]: Failed password for root from 59.45.79.22 port 25355 ssh2
Apr 17 21:45:15 localhost proftpd[20732]: 127.0.0.1 (::ffff:120.76.181.18[::ffff:120.76.181.18]) - USER jacarandaholidays: no such user found from ::ffff:120.76.181.18 [::ffff:120.76.181.18] to ::ffff:176.9.192.216:21
Apr 17 21:45:18 localhost sshd[20672]: Failed password for root from 59.45.79.22 port 25355 ssh2
Apr 17 21:45:21 localhost sshd[20672]: Failed password for root from 59.45.79.22 port 25355 ssh2
Apr 17 21:45:24 localhost sshd[20675]: Disconnecting: Too many authentication failures for root
Apr 17 21:45:24 localhost sshd[20672]: Failed password for root from 59.45.79.22 port 25355 ssh2
Apr 17 21:45:24 localhost sshd[20672]: PAM 5 more authentication failures; logname= uid=0 euid=0 tty=ssh ruser= rhost=59.45.79.22  user=root
Apr 17 21:45:24 localhost sshd[20672]: PAM service(sshd) ignoring max retries; 6 > 3
Apr 17 21:45:30 localhost sshd[20741]: pam_unix(sshd:auth): authentication failure; logname= uid=0 euid=0 tty=ssh ruser= rhost=59.45.79.22  user=root
Apr 17 21:45:33 localhost sshd[20741]: Failed password for root from 59.45.79.22 port 46915 ssh2
Apr 17 21:45:35 localhost sshd[20741]: Failed password for root from 59.45.79.22 port 46915 ssh2
Apr 17 21:45:38 localhost sshd[20741]: Failed password for root from 59.45.79.22 port 46915 ssh2
Apr 17 21:45:43 localhost sshd[20741]: Failed password for root from 59.45.79.22 port 46915 ssh2
Apr 17 21:45:46 localhost sshd[20741]: Failed password for root from 59.45.79.22 port 46915 ssh2
Apr 17 21:45:48 localhost sshd[20741]: Failed password for root from 59.45.79.22 port 46915 ssh2
Apr 17 21:45:48 localhost sshd[20742]: Disconnecting: Too many authentication failures for root
Apr 17 21:45:48 localhost sshd[20741]: PAM 5 more authentication failures; logname= uid=0 euid=0 tty=ssh ruser= rhost=59.45.79.22  user=root
Apr 17 21:45:48 localhost sshd[20741]: PAM service(sshd) ignoring max retries; 6 > 3
Apr 17 21:46:02 localhost sshd[20748]: pam_unix(sshd:auth): authentication failure; logname= uid=0 euid=0 tty=ssh ruser= rhost=59.45.79.22  user=root
Apr 17 21:46:04 localhost sshd[20748]: Failed password for root from 59.45.79.22 port 3021 ssh2
Apr 17 21:46:07 localhost sshd[20748]: Failed password for root from 59.45.79.22 port 3021 ssh2
Apr 17 21:46:10 localhost sshd[20748]: Failed password for root from 59.45.79.22 port 3021 ssh2
Apr 17 21:46:13 localhost sshd[20748]: Failed password for root from 59.45.79.22 port 3021 ssh2
Apr 17 21:46:16 localhost sshd[20748]: Failed password for root from 59.45.79.22 port 3021 ssh2
Apr 17 21:46:20 localhost sshd[20748]: Failed password for root from 59.45.79.22 port 3021 ssh2
Apr 17 21:46:20 localhost sshd[20749]: Disconnecting: Too many authentication failures for root
Apr 17 21:46:20 localhost sshd[20748]: PAM 5 more authentication failures; logname= uid=0 euid=0 tty=ssh ruser= rhost=59.45.79.22  user=root
Apr 17 21:46:20 localhost sshd[20748]: PAM service(sshd) ignoring max retries; 6 > 3
Apr 17 21:46:29 localhost sshd[20754]: pam_unix(sshd:auth): authentication failure; logname= uid=0 euid=0 tty=ssh ruser= rhost=59.45.79.22  user=root
Apr 17 21:46:30 localhost sshd[20754]: Failed password for root from 59.45.79.22 port 30043 ssh2
Apr 17 21:46:33 localhost sshd[20754]: Failed password for root from 59.45.79.22 port 30043 ssh2
Apr 17 21:46:36 localhost sshd[20754]: Failed password for root from 59.45.79.22 port 30043 ssh2
Apr 17 21:46:38 localhost sshd[20754]: Failed password for root from 59.45.79.22 port 30043 ssh2
Apr 17 21:46:42 localhost sshd[20754]: Failed password for root from 59.45.79.22 port 30043 ssh2
Apr 17 21:46:44 localhost sshd[20754]: Failed password for root from 59.45.79.22 port 30043 ssh2
Apr 17 21:46:44 localhost sshd[20755]: Disconnecting: Too many authentication failures for root
Apr 17 21:46:44 localhost sshd[20754]: PAM 5 more authentication failures; logname= uid=0 euid=0 tty=ssh ruser= rhost=59.45.79.22  user=root
Apr 17 21:46:44 localhost sshd[20754]: PAM service(sshd) ignoring max retries; 6 > 3
Apr 17 21:46:55 localhost sshd[20756]: pam_unix(sshd:auth): authentication failure; logname= uid=0 euid=0 tty=ssh ruser= rhost=59.45.79.22  user=root
Apr 17 21:46:57 localhost sshd[20756]: Failed password for root from 59.45.79.22 port 50223 ssh2
Apr 17 21:46:59 localhost sshd[20756]: Failed password for root from 59.45.79.22 port 50223 ssh2
Apr 17 21:47:07 localhost sshd[20756]: Failed password for root from 59.45.79.22 port 50223 ssh2
Apr 17 21:47:12 localhost sshd[20756]: Failed password for root from 59.45.79.22 port 50223 ssh2
Apr 17 21:47:15 localhost sshd[20756]: Failed password for root from 59.45.79.22 port 50223 ssh2
Apr 17 21:47:18 localhost sshd[20757]: Disconnecting: Too many authentication failures for root
